Load map
Module entry point: 0x004001a0

Module:  sum.obj
 Text segment:  412 bytes, load point 0x00400000
 Data segment:  128 bytes, load point 0x10000000
 Symbols:
            Name Section Mode    Value
      goodnumber   Text   R   0x00400138
            size   Data   R   0x10000028
        MAX_SIZE          A   0x0000000a
            main   Text   RG  0x00400000
         ra_done   Text   R   0x0040017c
    sum_loop_end   Text   R   0x0040006c
           space   Data   R   0x1000002c
    PRINT_STRING          A   0x00000004
        readloop   Text   R   0x00400114
        reprompt   Data   R   0x10000056
       FRAMESIZE          A   0x00000008
         ra_loop   Text   R   0x0040015c
         pa_loop   Text   R   0x004000c4
       readarray   Text   R   0x0040013c
       PRINT_INT          A   0x00000001
            done   Text   R   0x004000f0
              lf   Data   R   0x1000002e
          parray   Text   R   0x004000a8
        sum_loop   Text   R   0x00400054
         sum_msg   Data   R   0x10000041
          before   Data   R   0x10000030
      readnumber   Text   R   0x00400104
          prompt   Data   R   0x10000047
           array   Data   R   0x10000000

Module:  r2k_startup.obj
 Text segment:  64 bytes, load point 0x0040019c
 Data segment:  8 bytes, load point 0x10000080
 Symbols:
            Name Section Mode    Value
     __heap_size   Data   RG  0x10000084
       SYS_EXIT2          A   0x00000011
        SYS_SBRK          A   0x00000009
  __r2k__entry__   Text   RG  0x004001a0
      __heap_ptr   Data   RG  0x10000080
